stm32f0xx_hal_tim.c:265:19:HAL_TIM_Base_Init	16	static
stm32f0xx_hal_tim.c:318:19:HAL_TIM_Base_DeInit	16	static
stm32f0xx_hal_tim.c:354:13:HAL_TIM_Base_MspInit	16	static
stm32f0xx_hal_tim.c:369:13:HAL_TIM_Base_MspDeInit	16	static
stm32f0xx_hal_tim.c:385:19:HAL_TIM_Base_Start	24	static
stm32f0xx_hal_tim.c:414:19:HAL_TIM_Base_Stop	16	static
stm32f0xx_hal_tim.c:437:19:HAL_TIM_Base_Start_IT	16	static
stm32f0xx_hal_tim.c:464:19:HAL_TIM_Base_Stop_IT	16	static
stm32f0xx_hal_tim.c:485:19:HAL_TIM_Base_Start_DMA	32	static
stm32f0xx_hal_tim.c:544:19:HAL_TIM_Base_Stop_DMA	16	static
stm32f0xx_hal_tim.c:599:19:HAL_TIM_OC_Init	16	static
stm32f0xx_hal_tim.c:651:19:HAL_TIM_OC_DeInit	16	static
stm32f0xx_hal_tim.c:687:13:HAL_TIM_OC_MspInit	16	static
stm32f0xx_hal_tim.c:702:13:HAL_TIM_OC_MspDeInit	16	static
stm32f0xx_hal_tim.c:723:19:HAL_TIM_OC_Start	24	static
stm32f0xx_hal_tim.c:761:19:HAL_TIM_OC_Stop	16	static
stm32f0xx_hal_tim.c:793:19:HAL_TIM_OC_Start_IT	24	static
stm32f0xx_hal_tim.c:865:19:HAL_TIM_OC_Stop_IT	16	static
stm32f0xx_hal_tim.c:933:19:HAL_TIM_OC_Start_DMA	32	static
stm32f0xx_hal_tim.c:1075:19:HAL_TIM_OC_Stop_DMA	16	static
stm32f0xx_hal_tim.c:1172:19:HAL_TIM_PWM_Init	16	static
stm32f0xx_hal_tim.c:1225:19:HAL_TIM_PWM_DeInit	16	static
stm32f0xx_hal_tim.c:1261:13:HAL_TIM_PWM_MspInit	16	static
stm32f0xx_hal_tim.c:1276:13:HAL_TIM_PWM_MspDeInit	16	static
stm32f0xx_hal_tim.c:1297:19:HAL_TIM_PWM_Start	16	static
stm32f0xx_hal_tim.c:1336:19:HAL_TIM_PWM_Stop	16	static
stm32f0xx_hal_tim.c:1371:19:HAL_TIM_PWM_Start_IT	24	static
stm32f0xx_hal_tim.c:1442:19:HAL_TIM_PWM_Stop_IT	16	static
stm32f0xx_hal_tim.c:1510:19:HAL_TIM_PWM_Start_DMA	32	static
stm32f0xx_hal_tim.c:1651:19:HAL_TIM_PWM_Stop_DMA	16	static
stm32f0xx_hal_tim.c:1748:19:HAL_TIM_IC_Init	16	static
stm32f0xx_hal_tim.c:1800:19:HAL_TIM_IC_DeInit	16	static
stm32f0xx_hal_tim.c:1836:13:HAL_TIM_IC_MspInit	16	static
stm32f0xx_hal_tim.c:1851:13:HAL_TIM_IC_MspDeInit	16	static
stm32f0xx_hal_tim.c:1872:19:HAL_TIM_IC_Start	24	static
stm32f0xx_hal_tim.c:1904:19:HAL_TIM_IC_Stop	16	static
stm32f0xx_hal_tim.c:1930:19:HAL_TIM_IC_Start_IT	24	static
stm32f0xx_hal_tim.c:1995:19:HAL_TIM_IC_Stop_IT	16	static
stm32f0xx_hal_tim.c:2057:19:HAL_TIM_IC_Start_DMA	32	static
stm32f0xx_hal_tim.c:2192:19:HAL_TIM_IC_Stop_DMA	16	static
stm32f0xx_hal_tim.c:2287:19:HAL_TIM_OnePulse_Init	16	static
stm32f0xx_hal_tim.c:2346:19:HAL_TIM_OnePulse_DeInit	16	static
stm32f0xx_hal_tim.c:2382:13:HAL_TIM_OnePulse_MspInit	16	static
stm32f0xx_hal_tim.c:2397:13:HAL_TIM_OnePulse_MspDeInit	16	static
stm32f0xx_hal_tim.c:2416:19:HAL_TIM_OnePulse_Start	16	static
stm32f0xx_hal_tim.c:2452:19:HAL_TIM_OnePulse_Stop	16	static
stm32f0xx_hal_tim.c:2488:19:HAL_TIM_OnePulse_Start_IT	16	static
stm32f0xx_hal_tim.c:2530:19:HAL_TIM_OnePulse_Stop_IT	16	static
stm32f0xx_hal_tim.c:2600:19:HAL_TIM_Encoder_Init	32	static
stm32f0xx_hal_tim.c:2705:19:HAL_TIM_Encoder_DeInit	16	static
stm32f0xx_hal_tim.c:2741:13:HAL_TIM_Encoder_MspInit	16	static
stm32f0xx_hal_tim.c:2756:13:HAL_TIM_Encoder_MspDeInit	16	static
stm32f0xx_hal_tim.c:2776:19:HAL_TIM_Encoder_Start	16	static
stm32f0xx_hal_tim.c:2820:19:HAL_TIM_Encoder_Stop	16	static
stm32f0xx_hal_tim.c:2866:19:HAL_TIM_Encoder_Start_IT	16	static
stm32f0xx_hal_tim.c:2916:19:HAL_TIM_Encoder_Stop_IT	16	static
stm32f0xx_hal_tim.c:2970:19:HAL_TIM_Encoder_Start_DMA	24	static
stm32f0xx_hal_tim.c:3105:19:HAL_TIM_Encoder_Stop_DMA	16	static
stm32f0xx_hal_tim.c:3171:6:HAL_TIM_IRQHandler	16	static
stm32f0xx_hal_tim.c:3386:19:HAL_TIM_OC_ConfigChannel	24	static
stm32f0xx_hal_tim.c:3466:19:HAL_TIM_IC_ConfigChannel	24	static
stm32f0xx_hal_tim.c:3563:19:HAL_TIM_PWM_ConfigChannel	24	static
stm32f0xx_hal_tim.c:3679:19:HAL_TIM_OnePulse_ConfigChannel	56	static
stm32f0xx_hal_tim.c:3818:19:HAL_TIM_DMABurst_WriteStart	40	static
stm32f0xx_hal_tim.c:3864:19:HAL_TIM_DMABurst_MultiWriteStart	24	static
stm32f0xx_hal_tim.c:4036:19:HAL_TIM_DMABurst_WriteStop	32	static
stm32f0xx_hal_tim.c:4132:19:HAL_TIM_DMABurst_ReadStart	40	static
stm32f0xx_hal_tim.c:4178:19:HAL_TIM_DMABurst_MultiReadStart	24	static
stm32f0xx_hal_tim.c:4351:19:HAL_TIM_DMABurst_ReadStop	32	static
stm32f0xx_hal_tim.c:4429:19:HAL_TIM_GenerateEvent	16	static
stm32f0xx_hal_tim.c:4466:19:HAL_TIM_ConfigOCrefClear	24	static
stm32f0xx_hal_tim.c:4599:19:HAL_TIM_ConfigClockSource	16	static
stm32f0xx_hal_tim.c:4752:19:HAL_TIM_ConfigTI1Input	24	static
stm32f0xx_hal_tim.c:4784:19:HAL_TIM_SlaveConfigSynchro	16	static
stm32f0xx_hal_tim.c:4824:19:HAL_TIM_SlaveConfigSynchro_IT	16	static
stm32f0xx_hal_tim.c:4867:10:HAL_TIM_ReadCapturedValue	24	static
stm32f0xx_hal_tim.c:4951:13:HAL_TIM_PeriodElapsedCallback	16	static
stm32f0xx_hal_tim.c:4966:13:HAL_TIM_PeriodElapsedHalfCpltCallback	16	static
stm32f0xx_hal_tim.c:4981:13:HAL_TIM_OC_DelayElapsedCallback	16	static
stm32f0xx_hal_tim.c:4996:13:HAL_TIM_IC_CaptureCallback	16	static
stm32f0xx_hal_tim.c:5011:13:HAL_TIM_IC_CaptureHalfCpltCallback	16	static
stm32f0xx_hal_tim.c:5026:13:HAL_TIM_PWM_PulseFinishedCallback	16	static
stm32f0xx_hal_tim.c:5041:13:HAL_TIM_PWM_PulseFinishedHalfCpltCallback	16	static
stm32f0xx_hal_tim.c:5056:13:HAL_TIM_TriggerCallback	16	static
stm32f0xx_hal_tim.c:5071:13:HAL_TIM_TriggerHalfCpltCallback	16	static
stm32f0xx_hal_tim.c:5086:13:HAL_TIM_ErrorCallback	16	static
stm32f0xx_hal_tim.c:5603:22:HAL_TIM_Base_GetState	16	static
stm32f0xx_hal_tim.c:5613:22:HAL_TIM_OC_GetState	16	static
stm32f0xx_hal_tim.c:5623:22:HAL_TIM_PWM_GetState	16	static
stm32f0xx_hal_tim.c:5633:22:HAL_TIM_IC_GetState	16	static
stm32f0xx_hal_tim.c:5643:22:HAL_TIM_OnePulse_GetState	16	static
stm32f0xx_hal_tim.c:5653:22:HAL_TIM_Encoder_GetState	16	static
stm32f0xx_hal_tim.c:5675:6:TIM_DMAError	24	static
stm32f0xx_hal_tim.c:5693:6:TIM_DMADelayPulseCplt	24	static
stm32f0xx_hal_tim.c:5734:6:TIM_DMADelayPulseHalfCplt	24	static
stm32f0xx_hal_tim.c:5775:6:TIM_DMACaptureCplt	24	static
stm32f0xx_hal_tim.c:5816:6:TIM_DMACaptureHalfCplt	24	static
stm32f0xx_hal_tim.c:5857:13:TIM_DMAPeriodElapsedCplt	24	static
stm32f0xx_hal_tim.c:5875:13:TIM_DMAPeriodElapsedHalfCplt	24	static
stm32f0xx_hal_tim.c:5893:13:TIM_DMATriggerCplt	24	static
stm32f0xx_hal_tim.c:5911:13:TIM_DMATriggerHalfCplt	24	static
stm32f0xx_hal_tim.c:5930:6:TIM_Base_SetConfig	24	static
stm32f0xx_hal_tim.c:5978:13:TIM_OC1_SetConfig	32	static
stm32f0xx_hal_tim.c:6053:6:TIM_OC2_SetConfig	32	static
stm32f0xx_hal_tim.c:6129:13:TIM_OC3_SetConfig	32	static
stm32f0xx_hal_tim.c:6203:13:TIM_OC4_SetConfig	32	static
stm32f0xx_hal_tim.c:6263:26:TIM_SlaveTimer_SetConfig	32	static
stm32f0xx_hal_tim.c:6394:6:TIM_TI1_SetConfig	32	static
stm32f0xx_hal_tim.c:6441:13:TIM_TI1_ConfigInputStage	32	static
stm32f0xx_hal_tim.c:6484:13:TIM_TI2_SetConfig	32	static
stm32f0xx_hal_tim.c:6524:13:TIM_TI2_ConfigInputStage	32	static
stm32f0xx_hal_tim.c:6567:13:TIM_TI3_SetConfig	32	static
stm32f0xx_hal_tim.c:6615:13:TIM_TI4_SetConfig	32	static
stm32f0xx_hal_tim.c:6658:13:TIM_ITRx_SetConfig	24	static
stm32f0xx_hal_tim.c:6688:6:TIM_ETR_SetConfig	32	static
stm32f0xx_hal_tim.c:6718:6:TIM_CCxChannelCmd	32	static
