stm32f0xx_hal_uart.c:287:19:HAL_UART_Init	16	static
stm32f0xx_hal_uart.c:377:19:HAL_HalfDuplex_Init	16	static
stm32f0xx_hal_uart.c:465:19:HAL_LIN_Init	16	static
stm32f0xx_hal_uart.c:575:19:HAL_MultiProcessor_Init	24	static
stm32f0xx_hal_uart.c:665:19:HAL_UART_DeInit	16	static
stm32f0xx_hal_uart.c:710:13:HAL_UART_MspInit	16	static
stm32f0xx_hal_uart.c:725:13:HAL_UART_MspDeInit	16	static
stm32f0xx_hal_uart.c:1071:19:HAL_UART_Transmit	24	static
stm32f0xx_hal_uart.c:1172:19:HAL_UART_Receive	48	static
stm32f0xx_hal_uart.c:1272:19:HAL_UART_Transmit_IT	24	static
stm32f0xx_hal_uart.c:1340:19:HAL_UART_Receive_IT	24	static
stm32f0xx_hal_uart.c:1414:19:HAL_UART_Transmit_DMA	24	static
stm32f0xx_hal_uart.c:1505:19:HAL_UART_Receive_DMA	24	static
stm32f0xx_hal_uart.c:1587:19:HAL_UART_DMAPause	24	static
stm32f0xx_hal_uart.c:1621:19:HAL_UART_DMAResume	16	static
stm32f0xx_hal_uart.c:1653:19:HAL_UART_DMAStop	24	static
stm32f0xx_hal_uart.c:1728:19:HAL_UART_Abort	16	static
stm32f0xx_hal_uart.c:1816:19:HAL_UART_AbortTransmit	16	static
stm32f0xx_hal_uart.c:1868:19:HAL_UART_AbortReceive	16	static
stm32f0xx_hal_uart.c:1928:19:HAL_UART_Abort_IT	24	static
stm32f0xx_hal_uart.c:2067:19:HAL_UART_AbortTransmit_IT	16	static
stm32f0xx_hal_uart.c:2151:19:HAL_UART_AbortReceive_IT	16	static
stm32f0xx_hal_uart.c:2235:6:HAL_UART_IRQHandler	40	static
stm32f0xx_hal_uart.c:2441:13:HAL_UART_TxCpltCallback	16	static
stm32f0xx_hal_uart.c:2456:13:HAL_UART_TxHalfCpltCallback	16	static
stm32f0xx_hal_uart.c:2471:13:HAL_UART_RxCpltCallback	16	static
stm32f0xx_hal_uart.c:2486:13:HAL_UART_RxHalfCpltCallback	16	static
stm32f0xx_hal_uart.c:2501:13:HAL_UART_ErrorCallback	16	static
stm32f0xx_hal_uart.c:2516:13:HAL_UART_AbortCpltCallback	16	static
stm32f0xx_hal_uart.c:2531:13:HAL_UART_AbortTransmitCpltCallback	16	static
stm32f0xx_hal_uart.c:2546:13:HAL_UART_AbortReceiveCpltCallback	16	static
stm32f0xx_hal_uart.c:2593:6:HAL_UART_ReceiverTimeout_Config	16	static
stm32f0xx_hal_uart.c:2605:19:HAL_UART_EnableReceiverTimeout	16	static
stm32f0xx_hal_uart.c:2636:19:HAL_UART_DisableReceiverTimeout	16	static
stm32f0xx_hal_uart.c:2667:19:HAL_MultiProcessor_EnableMuteMode	16	static
stm32f0xx_hal_uart.c:2687:19:HAL_MultiProcessor_DisableMuteMode	16	static
stm32f0xx_hal_uart.c:2707:6:HAL_MultiProcessor_EnterMuteMode	16	static
stm32f0xx_hal_uart.c:2717:19:HAL_HalfDuplex_EnableTransmitter	16	static
stm32f0xx_hal_uart.c:2740:19:HAL_HalfDuplex_EnableReceiver	16	static
stm32f0xx_hal_uart.c:2765:19:HAL_LIN_SendBreak	16	static
stm32f0xx_hal_uart.c:2811:23:HAL_UART_GetState	24	static
stm32f0xx_hal_uart.c:2827:10:HAL_UART_GetError	16	static
stm32f0xx_hal_uart.c:2872:19:UART_SetConfig	40	static
stm32f0xx_hal_uart.c:3004:6:UART_AdvFeatureConfig	16	static
stm32f0xx_hal_uart.c:3078:19:UART_CheckIdleState	32	static
stm32f0xx_hal_uart.c:3128:19:UART_WaitOnFlagUntilTimeout	24	static
stm32f0xx_hal_uart.c:3183:13:UART_EndTxTransfer	16	static
stm32f0xx_hal_uart.c:3198:13:UART_EndRxTransfer	16	static
stm32f0xx_hal_uart.c:3217:13:UART_DMATransmitCplt	24	static
stm32f0xx_hal_uart.c:3251:13:UART_DMATxHalfCplt	24	static
stm32f0xx_hal_uart.c:3269:13:UART_DMAReceiveCplt	24	static
stm32f0xx_hal_uart.c:3304:13:UART_DMARxHalfCplt	24	static
stm32f0xx_hal_uart.c:3322:13:UART_DMAError	32	static
stm32f0xx_hal_uart.c:3362:13:UART_DMAAbortOnError	24	static
stm32f0xx_hal_uart.c:3385:13:UART_DMATxAbortCallback	24	static
stm32f0xx_hal_uart.c:3434:13:UART_DMARxAbortCallback	24	static
stm32f0xx_hal_uart.c:3485:13:UART_DMATxOnlyAbortCallback	24	static
stm32f0xx_hal_uart.c:3513:13:UART_DMARxOnlyAbortCallback	24	static
stm32f0xx_hal_uart.c:3545:13:UART_TxISR_8BIT	16	static
stm32f0xx_hal_uart.c:3574:13:UART_TxISR_16BIT	24	static
stm32f0xx_hal_uart.c:3606:13:UART_EndTransmit_IT	16	static
stm32f0xx_hal_uart.c:3631:13:UART_RxISR_8BIT	24	static
stm32f0xx_hal_uart.c:3681:13:UART_RxISR_16BIT	24	static
